PS C:\efsol\дз\git ex> git status
On branch master
Untracked files:
  (use "git add <file>..." to include in what will be committed)
        .gitignore
        temp 2/
        temp.txt

nothing added to commit but untracked files present (use "git add" to track)
PS C:\efsol\дз\git ex> git status
On branch master
  (use "git add <file>..." to include in what will be committed)
        .gitignore

nothing added to commit but untracked files present (use "git add" to track)
PS C:\efsol\дз\git ex>  git add .
PS C:\efsol\дз\git ex> git commit -m "ignorefile"
[master 0d6ea33] ignorefile
 1 file changed, 2 insertions(+)
 create mode 100644 .gitignore
PS C:\efsol\дз\git ex> git status
On branch master
nothing to commit, working tree clean