PS C:\efsol\дз\git ex> git status
On branch master
Changes not staged for commit:
  (use "git add/rm <file>..." to update what will be committed)
  (use "git restore <file>..." to discard changes in working directory)
        deleted:    home.html

Untracked files:
  (use "git add <file>..." to include in what will be committed)
        home rename.html

no changes added to commit (use "git add" and/or "git commit -a")
PS C:\efsol\дз\git ex> git add .
PS C:\efsol\дз\git ex> git status
On branch master
Changes to be committed:
  (use "git restore --staged <file>..." to unstage)
        renamed:    home.html -> home rename.html
PS C:\efsol\дз\git ex> git commit -m "renamed"
[master bb2abfd] renamed
 1 file changed, 0 insertions(+), 0 deletions(-)
 rename home.html => home rename.html (100%)
PS C:\efsol\дз\git ex> git status
On branch master
nothing to commit, working tree clean
PS C:\efsol\дз\git ex> git mv "home rename.html" home.html
PS C:\efsol\дз\git ex> git status
On branch master
Changes to be committed:
  (use "git restore --staged <file>..." to unstage)
        renamed:    home rename.html -> home.html

PS C:\efsol\дз\git ex> git commit -m "renamed again with move"
[master 26e4e19] renamed again with move
 1 file changed, 0 insertions(+), 0 deletions(-)
 rename home rename.html => home.html (100%)

