PS C:\efsol\дз\git ex> git status
On branch master
nothing to commit, working tree clean
PS C:\efsol\дз\git ex> git status
On branch master
Changes not staged for commit:
  (use "git add/rm <file>..." to update what will be committed)
  (use "git restore <file>..." to discard changes in working directory)
        deleted:    main.html

no changes added to commit (use "git add" and/or "git commit -a")
PS C:\efsol\дз\git ex> git add .
PS C:\efsol\дз\git ex> git commit -m "deleted"
[master 11bec96] deleted
 1 file changed, 12 deletions(-)
 delete mode 100644 main.html
PS C:\efsol\дз\git ex> git status
On branch master
nothing to commit, working tree clean
PS C:\efsol\дз\git ex> git rm nav.html
rm 'nav.html'
PS C:\efsol\дз\git ex> git status
On branch master
Changes to be committed:
  (use "git restore --staged <file>..." to unstage)
        deleted:    nav.html

PS C:\efsol\дз\git ex> git commit -m "deleted 2"
[master 5c26d81] deleted 2
 1 file changed, 12 deletions(-)
 delete mode 100644 nav.html
PS C:\efsol\дз\git ex> git status
On branch master
nothing to commit, working tree clean